// Jest Snapshot v1, https://goo.gl/fbAQLP

exports[`Testing App Component Should render App component with any errors 1`] = `
<DocumentFragment>
  <div
    class="App"
  >
    <h1>
      Testing Updated
    </h1>
  </div>
</DocumentFragment>
`;
